0 verbose cli /usr/bin/node /usr/share/nodejs/npm/bin/npm-cli.js
1 info using npm@9.2.0
2 info using node@v22.22.1
3 timing npm:load:whichnode Completed in 0ms
4 timing config:load:defaults Completed in 1ms
5 timing config:load:file:/usr/share/nodejs/npm/npmrc Completed in 2ms
6 timing config:load:builtin Completed in 2ms
7 timing config:load:cli Completed in 1ms
8 timing config:load:env Completed in 1ms
9 timing config:load:project Completed in 3ms
10 timing config:load:file:/home/stedam/.npmrc Completed in 1ms
11 timing config:load:user Completed in 1ms
12 timing config:load:file:/etc/npmrc Completed in 0ms
13 timing config:load:global Completed in 0ms
14 timing config:load:setEnvs Completed in 0ms
15 timing config:load Completed in 9ms
16 timing npm:load:configload Completed in 9ms
17 timing npm:load:mkdirpcache Completed in 1ms
18 timing npm:load:mkdirplogs Completed in 0ms
19 verbose title npm exec nuxt generate
20 verbose argv "exec" "--" "nuxt" "generate"
21 timing npm:load:setTitle Completed in 0ms
22 timing config:load:flatten Completed in 2ms
23 timing npm:load:display Completed in 2ms
24 verbose logfile logs-max:10 dir:/home/stedam/.npm/_logs/2026-09-21T07_52_00_531Z-
25 verbose logfile /home/stedam/.npm/_logs/2026-09-21T07_52_00_531Z-debug-0.log
26 timing npm:load:logFile Completed in 6ms
27 timing npm:load:timers Completed in 0ms
28 timing npm:load:configScope Completed in 0ms
29 timing npm:load Completed in 19ms
30 timing config:load:flatten Completed in 0ms
31 silly logfile done cleaning log files
32 timing arborist:ctor Completed in 1ms
33 timing arborist:ctor Completed in 0ms
34 http fetch GET 200 https://registry.npmjs.org/nuxt 325ms (cache miss)
35 timing arborist:ctor Completed in 0ms
36 timing arborist:ctor Completed in 0ms
37 timing command:exec Completed in 8028ms
38 verbose stack Error: canceled
38 verbose stack     at exec (/usr/share/nodejs/libnpmexec/lib/index.js:262:19)
38 verbose stack     at process.processTicksAndRejections (node:internal/process/task_queues:103:5)
38 verbose stack     at async module.exports (/usr/share/nodejs/npm/lib/cli.js:133:5)
39 verbose cwd /home/stedam
40 verbose Linux 6.6.114.1-microsoft-standard-WSL2
41 verbose node v22.22.1
42 verbose npm  v9.2.0
43 error canceled
44 verbose exit 1
45 timing npm Completed in 8065ms
46 verbose code 1
47 error A complete log of this run can be found in:
47 error     /home/stedam/.npm/_logs/2026-09-21T07_52_00_531Z-debug-0.log
